Microchip MPLAB XC8 Compiler V2.32

Linker command line:

-W-3 --edf=D:\application\MPLAB\XC_compiler\pic\dat\en_msgs.txt -cn \
  -h+dist/default/debug\Lab11.X.debug.sym \
  --cmf=dist/default/debug\Lab11.X.debug.cmf -z -Q18F4520 \
  -oC:\Users\a0987\AppData\Local\Temp\xcAs1veg.4 --defsym=__MPLAB_BUILD=1 \
  -Mdist/default/debug/Lab11.X.debug.map -E1 -ver=XC8 Compiler --acfsm=1493 \
  -ASTACK=080h-05F3h -pstack=STACK -ACODE=00h-07DBFh -ACONST=00h-07DBFh \
  -ASMALLCONST=0600h-06FFhx119,07D00h-07DBFh -AMEDIUMCONST=0600h-07DBFh \
  -ACOMRAM=01h-07Fh -AABS1=00h-05F3h -ABIGRAM=01h-05F3h \
  -ARAM=080h-0FFh,0100h-01FFhx4,0500h-05F3h -ABANK0=080h-0FFh \
  -ABANK1=0100h-01FFh -ABANK2=0200h-02FFh -ABANK3=0300h-03FFh \
  -ABANK4=0400h-04FFh -ABANK5=0500h-05F3h \
  -ASFR=0F80h-0F9Bh,0F9Dh-0FD3h,0FD5h-0FDAh,0FE0h-0FE2h,0FE8h-0FEAh,0FF0h-0FFCh \
  -ACONFIG=0300000h-030000Dh -AIDLOC=0200000h-0200007h \
  -AEEDATA=0F00000h-0F000FFh -peeprom_data=EEDATA \
  -preset_vec=00h,intcode=08h,intcodelo=018h,powerup,init -pramtop=0600h \
  -psmallconst=SMALLCONST -pmediumconst=MEDIUMCONST -pconst=CONST \
  -AFARRAM=00h-00h \
  -prdata=COMRAM,nvrram=COMRAM,nvbit=COMRAM,rbss=COMRAM,rbit=COMRAM \
  -pfarbss=FARRAM,fardata=FARRAM,nvFARRAM=FARRAM \
  -pintsave_regs=BIGRAM,bigbss=BIGRAM,bigdata=BIGRAM -pbss=RAM \
  -pidata=CODE,irdata=CODE,ibigdata=CODE,ifardata=CODE -prparam=COMRAM \
  C:\Users\a0987\AppData\Local\Temp\xcAs1veg.o \
  dist/default/debug\Lab11.X.debug.o 

Object code version is 3.11

Machine type is 18F4520



                Name                               Link     Load   Length Selector   Space Scale
C:\Users\a0987\AppData\Local\Temp\xcAs1veg.o
                idloc                            200000   200000        8        0       5
                config                           300000   300000        E        0       4
                init                                 6C       6C        4        C       0
                reset_vec                             0        0        4        0       0
dist/default/debug\Lab11.X.debug.o
                intcodelo                            18       18       54        C       0
                intcode                               8        8        6        4       0
                idloc                            200000   200000        8        0       5
                config                           300000   300000        E        0       4
                temp                                 63       63        1        1       1
                smallconst                          600      600       1C      300       0
                intcode_body                        9E4      9E4       5E      30E       0
                text17                              B9A      B9A       16      30E       0
                text16                              97A      97A       6A      30E       0
                text14                              A84      A84       42      30E       0
                text13                              BBC      BBC        A      30E       0
                text12                              B84      B84       16      30E       0
                text11                              8FC      8FC       7E      30E       0
                text10                              838      838       C4      30E       0
                text9                               A42      A42       42      30E       0
                text8                               AC6      AC6       3E      30E       0
                text7                               74A      74A       EE      30E       0
                text6                               B04      B04       2E      30E       0
                text5                               BB0      BB0        C      30E       0
                text4                               BCE      BCE        8      30E       0
                text3                               BC6      BC6        8      30E       0
                text2                               B32      B32       22      30E       0
                text1                               B6E      B6E       16      30E       0
                text0                               61C      61C      12E      30E       0
                cstackCOMRAM                         3B       3B       28        1       1
                bssCOMRAM                             1        1       3A        1       1
                cinit                               B54      B54       1A      30E       0

TOTAL           Name                               Link     Load   Length     Space
        CLASS   STACK          

        CLASS   CODE           
                intcodelo                            18       18       54         0
                intcode                               8        8        6         0
                init                                 6C       6C        4         0
                reset_vec                             0        0        4         0
                intcode_body                        9E4      9E4       5E         0
                text17                              B9A      B9A       16         0
                text16                              97A      97A       6A         0
                text14                              A84      A84       42         0
                text13                              BBC      BBC        A         0
                text12                              B84      B84       16         0
                text11                              8FC      8FC       7E         0
                text10                              838      838       C4         0
                text9                               A42      A42       42         0
                text8                               AC6      AC6       3E         0
                text7                               74A      74A       EE         0
                text6                               B04      B04       2E         0
                text5                               BB0      BB0        C         0
                text4                               BCE      BCE        8         0
                text3                               BC6      BC6        8         0
                text2                               B32      B32       22         0
                text1                               B6E      B6E       16         0
                text0                               61C      61C      12E         0
                cinit                               B54      B54       1A         0

        CLASS   CONST          

        CLASS   SMALLCONST     
                smallconst                          600      600       1C         0

        CLASS   MEDIUMCONST    

        CLASS   COMRAM         
                temp                                 63       63        1         1
                cstackCOMRAM                         3B       3B       28         1
                bssCOMRAM                             1        1       3A         1

        CLASS   ABS1           

        CLASS   BIGRAM         

        CLASS   RAM            

        CLASS   BANK0          

        CLASS   BANK1          

        CLASS   BANK2          

        CLASS   BANK3          

        CLASS   BANK4          

        CLASS   BANK5          

        CLASS   SFR            

        CLASS   CONFIG         
                config                           300000   300000        E         4

        CLASS   IDLOC          
                idloc                            200000   200000        8         5

        CLASS   EEDATA         

        CLASS   FARRAM         



SEGMENTS        Name                           Load    Length   Top    Selector   Space  Class

                reset_vec                      000000  000004  000004         0       0  CODE    
                bssCOMRAM                      000001  000063  000064         1       1  COMRAM  
                intcode                        000008  000006  00000E         4       0  CODE    
                intcodelo                      000018  000058  000070         C       0  CODE    
                smallconst                     000600  00001C  00061C       300       0  SMALLCON
                text0                          00061C  0005BA  000BD6       30E       0  CODE    


UNUSED ADDRESS RANGES

        Name                Unused          Largest block    Delta
        BANK0            000080-0000FF               80
        BANK1            000100-0001FF              100
        BANK2            000200-0002FF              100
        BANK3            000300-0003FF              100
        BANK4            000400-0004FF              100
        BANK5            000500-0005F3               F4
        BIGRAM           000064-0005F3              590
        CODE             000004-000007                4
                         00000E-000017                A
                         000070-0005FF              590
                         000BD6-007DBF             71EA
        COMRAM           000064-00007F               1C
        CONST            000004-000007                4
                         00000E-000017                A
                         000070-0005FF              590
                         000BD6-007DBF             71EA
        EEDATA           F00000-F000FF              100
        MEDIUMCONST      000BD6-007DBF             71EA
        RAM              000080-0005F3              100
        SFR              000F80-000F9B               1C
                         000F9D-000FD3               37
                         000FD5-000FDA                6
                         000FE0-000FE2                3
                         000FE8-000FEA                3
                         000FF0-000FFC                D
        SMALLCONST       000BD6-007DBF              100
        STACK            000080-0005F3              574

                                  Symbol Table

?_GetString                     cstackCOMRAM 000045
?___awdiv                       cstackCOMRAM 000045
ClearBuffer@i                   cstackCOMRAM 000045
Mode1@s                         cstackCOMRAM 00004F
MyusartRead@t                   cstackCOMRAM 00003F
UART_Write@data                 cstackCOMRAM 000045
UART_Write_Text@i               cstackCOMRAM 00004A
UART_Write_Text@text            cstackCOMRAM 000046
_ADCON0bits                     (abs)        000FC2
_ADCON1                         (abs)        000FC1
_ADCON2bits                     (abs)        000FC0
_ADC_Initialize                 text6        000B04
_ADFM                           (abs)        007E07
_ADRESH                         (abs)        000FC4
_ADRESL                         (abs)        000FC3
_BAUDCONbits                    (abs)        000FB8
_CCP1CON                        (abs)        000FBD
_CCP1CONbits                    (abs)        000FBD
_CCP1_Initialize                text5        000BB0
_CCPR1L                         (abs)        000FBE
_CREN                           (abs)        007D5C
_ClearBuffer                    text14       000A84
_GetString                      text13       000BBC
_Hi_ISR                         intcode      000008
_INTCON2bits                    (abs)        000FF1
_INTCONbits                     (abs)        000FF2
_INTERRUPT_Initialize           text4        000BCE
_IPR1bits                       (abs)        000F9F
_IRCF0                          (abs)        007E9C
_IRCF1                          (abs)        007E9D
_IRCF2                          (abs)        007E9E
_L1_add                         bssCOMRAM    000005
_LATC                           (abs)        000F8B
_Lo_ISR                         intcodelo    000018
_Mode1                          text7        00074A
_MyusartRead                    text16       00097A
_OSCCONbits                     (abs)        000FD3
_OSCILLATOR_Initialize          text3        000BC6
_PIE1bits                       (abs)        000F9D
_PIR1bits                       (abs)        000F9E
_PR2                            (abs)        000FCB
_RCIF                           (abs)        007CF5
_RCONbits                       (abs)        000FD0
_RCREG                          (abs)        000FAE
_RCSTAbits                      (abs)        000FAB
_SPBRG                          (abs)        000FAF
_SYSTEM_Initialize              text1        000B6E
_T2CONbits                      (abs)        000FCA
_TRISA                          (abs)        000F92
_TRISB                          (abs)        000F93
_TRISC                          (abs)        000F94
_TRISCbits                      (abs)        000F94
_TXREG                          (abs)        000FAD
_TXSTAbits                      (abs)        000FAC
_UART_Initialize                text2        000B32
_UART_Write                     text12       000B84
_UART_Write_Text                text11       0008FC
__HRAM                          (abs)        000000
__Habs1                         abs1         000000
__Hbank0                        bank0        000000
__Hbank1                        bank1        000000
__Hbank2                        bank2        000000
__Hbank3                        bank3        000000
__Hbank4                        bank4        000000
__Hbank5                        bank5        000000
__Hbigbss                       bigbss       000000
__Hbigdata                      bigdata      000000
__Hbigram                       bigram       000000
__Hbss                          bss          000000
__HbssCOMRAM                    bssCOMRAM    000000
__Hcinit                        cinit        000000
__Hclrtext                      clrtext      000000
__Hcomram                       comram       000000
__Hconfig                       config       30000E
__Hconst                        const        000000
__HcstackCOMRAM                 cstackCOMRAM 000000
__Hdata                         data         000000
__Heeprom_data                  eeprom_data  000000
__Hfarbss                       farbss       000000
__Hfardata                      fardata      000000
__Hibigdata                     ibigdata     000000
__Hidata                        idata        000000
__Hidloc                        idloc        200008
__Hifardata                     ifardata     000000
__Hinit                         init         000070
__Hintcode                      intcode      00000E
__Hintcode_body                 intcode_body 000000
__Hintcodelo                    intcodelo    00006C
__Hintentry                     intentry     000000
__Hintret                       intret       000000
__Hintsave_regs                 intsave_regs 000000
__Hirdata                       irdata       000000
__Hmediumconst                  mediumconst  000000
__HnvFARRAM                     nvFARRAM     000000
__Hnvbit                        nvbit        000000
__Hnvrram                       nvrram       000000
__Hparam                        rparam       000000
__Hpowerup                      powerup      00006C
__Hram                          ram          000000
__Hramtop                       ramtop       000600
__Hrbit                         rbit         000000
__Hrbss                         rbss         000000
__Hrdata                        rdata        000000
__Hreset_vec                    reset_vec    000004
__Hrparam                       rparam       000000
__Hsfr                          sfr          000000
__Hsmallconst                   smallconst   00061C
__Hspace_0                      (abs)        000BD6
__Hspace_1                      (abs)        000064
__Hspace_2                      (abs)        000000
__Hspace_4                      (abs)        60000E
__Hstack                        stack        000000
__Hstruct                       struct       000000
__Htemp                         temp         000064
__Htext                         text         000000
__Htext0                        text0        000000
__Htext1                        text1        000000
__Htext10                       text10       000000
__Htext11                       text11       000000
__Htext12                       text12       000000
__Htext13                       text13       000000
__Htext14                       text14       000000
__Htext16                       text16       000000
__Htext17                       text17       000000
__Htext2                        text2        000000
__Htext3                        text3        000000
__Htext4                        text4        000000
__Htext5                        text5        000000
__Htext6                        text6        000000
__Htext7                        text7        000000
__Htext8                        text8        000000
__Htext9                        text9        000000
__LRAM                          (abs)        000001
__Labs1                         abs1         000000
__Lbank0                        bank0        000000
__Lbank1                        bank1        000000
__Lbank2                        bank2        000000
__Lbank3                        bank3        000000
__Lbank4                        bank4        000000
__Lbank5                        bank5        000000
__Lbigbss                       bigbss       000000
__Lbigdata                      bigdata      000000
__Lbigram                       bigram       000000
__Lbss                          bss          000000
__LbssCOMRAM                    bssCOMRAM    000000
__Lcinit                        cinit        000000
__Lclrtext                      clrtext      000000
__Lcomram                       comram       000000
__Lconfig                       config       000000
__Lconst                        const        000000
__LcstackCOMRAM                 cstackCOMRAM 000000
__Ldata                         data         000000
__Leeprom_data                  eeprom_data  000000
__Lfarbss                       farbss       000000
__Lfardata                      fardata      000000
__Libigdata                     ibigdata     000000
__Lidata                        idata        000000
__Lidloc                        idloc        000000
__Lifardata                     ifardata     000000
__Linit                         init         00006C
__Lintcode                      intcode      000008
__Lintcode_body                 intcode_body 000000
__Lintcodelo                    intcodelo    000018
__Lintentry                     intentry     000000
__Lintret                       intret       000000
__Lintsave_regs                 intsave_regs 000000
__Lirdata                       irdata       000000
__Lmediumconst                  mediumconst  000000
__LnvFARRAM                     nvFARRAM     000000
__Lnvbit                        nvbit        000000
__Lnvrram                       nvrram       000000
__Lparam                        rparam       000000
__Lpowerup                      powerup      00006C
__Lram                          ram          000000
__Lramtop                       ramtop       000600
__Lrbit                         rbit         000000
__Lrbss                         rbss         000000
__Lrdata                        rdata        000000
__Lreset_vec                    reset_vec    000000
__Lrparam                       rparam       000000
__Lsfr                          sfr          000000
__Lsmallconst                   smallconst   000600
__Lspace_0                      (abs)        000000
__Lspace_1                      (abs)        000000
__Lspace_2                      (abs)        000000
__Lspace_4                      (abs)        000000
__Lstack                        stack        000000
__Lstruct                       struct       000000
__Ltemp                         temp         000063
__Ltext                         text         000000
__Ltext0                        text0        000000
__Ltext1                        text1        000000
__Ltext10                       text10       000000
__Ltext11                       text11       000000
__Ltext12                       text12       000000
__Ltext13                       text13       000000
__Ltext14                       text14       000000
__Ltext16                       text16       000000
__Ltext17                       text17       000000
__Ltext2                        text2        000000
__Ltext3                        text3        000000
__Ltext4                        text4        000000
__Ltext5                        text5        000000
__Ltext6                        text6        000000
__Ltext7                        text7        000000
__Ltext8                        text8        000000
__Ltext9                        text9        000000
__S0                            (abs)        000BD6
__S1                            (abs)        000064
__S2                            (abs)        000000
__S4                            (abs)        000000
__S5                            (abs)        000000
___awdiv                        text10       000838
___awdiv@counter                cstackCOMRAM 000049
___awdiv@dividend               cstackCOMRAM 000045
___awdiv@divisor                cstackCOMRAM 000047
___awdiv@quotient               cstackCOMRAM 00004B
___awdiv@sign                   cstackCOMRAM 00004A
___inthi_sp                     stack        000000
___intlo_sp                     stack        000000
___param_bank                   (abs)        000000
___rparam_used                  (abs)        000001
___sp                           stack        000000
__accesstop                     (abs)        000080
__activetblptr                  (abs)        000002
__end_of_ADC_Initialize         text6        000B32
__end_of_CCP1_Initialize        text5        000BBC
__end_of_ClearBuffer            text14       000AC6
__end_of_GetString              text13       000BC6
__end_of_Hi_ISR                 intcode_body 000A42
__end_of_INTERRUPT_Initialize   text4        000BD6
__end_of_Lo_ISR                 intcodelo    00006C
__end_of_Mode1                  text7        000838
__end_of_MyusartRead            text16       0009E4
__end_of_OSCILLATOR_Initialize  text3        000BCE
__end_of_SYSTEM_Initialize      text1        000B84
__end_of_UART_Initialize        text2        000B54
__end_of_UART_Write             text12       000B9A
__end_of_UART_Write_Text        text11       00097A
__end_of___awdiv                text10       0008FC
__end_of__initialization        cinit        000B60
__end_of_main                   text0        00074A
__end_of_my_set                 text9        000A84
__end_of_strcpy                 text8        000B04
__end_ofi1_UART_Write           text17       000BB0
__initialization                cinit        000B54
__mediumconst                   mediumconst  000000
__pbssCOMRAM                    bssCOMRAM    000001
__pcinit                        cinit        000B54
__pcstackCOMRAM                 cstackCOMRAM 00003B
__pintcode                      intcode      000008
__pintcode_body                 intcode_body 0009E4
__pintcodelo                    intcodelo    000018
__psmallconst                   smallconst   000600
__ptext0                        text0        00061C
__ptext1                        text1        000B6E
__ptext10                       text10       000838
__ptext11                       text11       0008FC
__ptext12                       text12       000B84
__ptext13                       text13       000BBC
__ptext14                       text14       000A84
__ptext16                       text16       00097A
__ptext17                       text17       000B9A
__ptext2                        text2        000B32
__ptext3                        text3        000BC6
__ptext4                        text4        000BCE
__ptext5                        text5        000BB0
__ptext6                        text6        000B04
__ptext7                        text7        00074A
__ptext8                        text8        000AC6
__ptext9                        text9        000A42
__ramtop                        ramtop       000600
__size_of_ADC_Initialize        (abs)        000000
__size_of_CCP1_Initialize       (abs)        000000
__size_of_ClearBuffer           (abs)        000000
__size_of_GetString             (abs)        000000
__size_of_Hi_ISR                (abs)        000000
__size_of_INTERRUPT_Initialize  (abs)        000000
__size_of_Lo_ISR                (abs)        000000
__size_of_Mode1                 (abs)        000000
__size_of_MyusartRead           (abs)        000000
__size_of_OSCILLATOR_Initialize (abs)        000000
__size_of_SYSTEM_Initialize     (abs)        000000
__size_of_UART_Initialize       (abs)        000000
__size_of_UART_Write            (abs)        000000
__size_of_UART_Write_Text       (abs)        000000
__size_of___awdiv               (abs)        000000
__size_of_main                  (abs)        000000
__size_of_my_set                (abs)        000000
__size_of_strcpy                (abs)        000000
__size_ofi1_UART_Write          (abs)        000000
__smallconst                    smallconst   000600
_dc_add                         bssCOMRAM    000007
_each_degree                    bssCOMRAM    000009
_finish                         bssCOMRAM    00000D
_lenStr                         bssCOMRAM    000011
_main                           text0        00061C
_my_set                         text9        000A42
_mystring                       bssCOMRAM    000027
_n                              bssCOMRAM    00000B
_reverse                        bssCOMRAM    000003
_str                            bssCOMRAM    000013
_strcpy                         text8        000AC6
_times                          bssCOMRAM    000001
_value                          bssCOMRAM    00000F
btemp                           temp         000063
end_of_initialization           cinit        000B60
i1UART_Write@data               cstackCOMRAM 00003E
i1_UART_Write                   text17       000B9A
int$flags                       temp         000063
int_func                        intcode_body 0009E4
intlevel0                       text         000000
intlevel1                       text         000000
intlevel2                       text         000000
intlevel3                       text         000000
isa$std                         (abs)        000001
isa$xinst                       (abs)        000000
stackhi                         (abs)        0005F3
stacklo                         (abs)        000080
start                           init         00006C
start_initialization            cinit        000B54
strcpy@d                        cstackCOMRAM 00004D
strcpy@dest                     cstackCOMRAM 000047
strcpy@s                        cstackCOMRAM 00004B
strcpy@src                      cstackCOMRAM 000049
ttemp5                          temp         000064
ttemp6                          temp         000067
ttemp7                          temp         00006B
wtemp8                          temp         000064


MODULE INFORMATION

Module		Function		Class		Link	Load	Size
D:\application\MPLAB\XC_compiler\pic\sources\c99\common\awdiv.c
		___awdiv       		CODE           	0838	0000	196

D:\application\MPLAB\XC_compiler\pic\sources\c99\common\awdiv.c estimated size: 196

D:\application\MPLAB\XC_compiler\pic\sources\c99\common\strcpy.c
		_strcpy        		CODE           	0AC6	0000	62

D:\application\MPLAB\XC_compiler\pic\sources\c99\common\strcpy.c estimated size: 62

../lab11_template/Lab11_template/setting_hardaware/uart.c
		_Lo_ISR        		CODE           	0018	0000	84
		_MyusartRead   		CODE           	097A	0000	106
		_UART_Write_Text		CODE           	08FC	0000	126
		_GetString     		CODE           	0BBC	0000	10
		_ClearBuffer   		CODE           	0A84	0000	66
		_UART_Initialize		CODE           	0B32	0000	34
		_UART_Write    		CODE           	0B84	0000	22

../lab11_template/Lab11_template/setting_hardaware/uart.c estimated size: 448

../lab11_template/Lab11_template/main.c
		_my_set        		CODE           	0A42	0000	66
		_main          		CODE           	061C	0000	302
		_Mode1         		CODE           	074A	0000	238
		_Hi_ISR        		CODE           	0008	0000	100

../lab11_template/Lab11_template/main.c estimated size: 706

../lab11_template/Lab11_template/setting_hardaware/ccp1.c
		_CCP1_Initialize		CODE           	0BB0	0000	12

../lab11_template/Lab11_template/setting_hardaware/ccp1.c estimated size: 12

../lab11_template/Lab11_template/setting_hardaware/interrupt_manager.c
		_INTERRUPT_Initialize		CODE           	0BCE	0000	8

../lab11_template/Lab11_template/setting_hardaware/interrupt_manager.c estimated size: 8

shared
		i1_UART_Write  		CODE           	0B9A	0000	22
		__initialization		CODE           	0B54	0000	12

shared estimated size: 34

../lab11_template/Lab11_template/setting_hardaware/adc.c
		_ADC_Initialize		CODE           	0B04	0000	46

../lab11_template/Lab11_template/setting_hardaware/adc.c estimated size: 46

../lab11_template/Lab11_template/setting_hardaware/setting.c
		_OSCILLATOR_Initialize		CODE           	0BC6	0000	8
		_SYSTEM_Initialize		CODE           	0B6E	0000	22

../lab11_template/Lab11_template/setting_hardaware/setting.c estimated size: 30

