MPLINK 5.09, LINKER
Linker Map File - Created Wed Nov 17 22:08:04 2021

                                 Section Info
                  Section       Type    Address   Location Size(Bytes)
                ---------  ---------  ---------  ---------  ---------
                   .org_0       code   0x000000    program   0x000054
                   .cinit    romdata   0x000054    program   0x000002
.config_300001_BUILD/DEFAULT/DEBUG/1_3NEW.O    romdata   0x300001    program   0x000001
.config_300003_BUILD/DEFAULT/DEBUG/1_3NEW.O    romdata   0x300003    program   0x000001



                              Program Memory Usage 
                               Start         End      
                           ---------   ---------      
                            0x000000    0x000055      
                            0x300001    0x300001      
                            0x300003    0x300003      
            88 out of 33048 program addresses used, program memory utilization is 0%



                              Symbols - Sorted by Name
                     Name    Address   Location    Storage File                     
                ---------  ---------  ---------  --------- ---------                
                    Check   0x00001a    program     static D:\NCKU\third_up\microprocessor_lab\lab1.X\1_3new.asm
                Diffirent   0x000048    program     static D:\NCKU\third_up\microprocessor_lab\lab1.X\1_3new.asm
                   Finish   0x000054    program     static D:\NCKU\third_up\microprocessor_lab\lab1.X\1_3new.asm
                       Q1   0x000000    program     static D:\NCKU\third_up\microprocessor_lab\lab1.X\1_3new.asm
                     Same   0x000050    program     static D:\NCKU\third_up\microprocessor_lab\lab1.X\1_3new.asm
                    Test0   0x000034    program     static D:\NCKU\third_up\microprocessor_lab\lab1.X\1_3new.asm
                  initial   0x000000    program     static D:\NCKU\third_up\microprocessor_lab\lab1.X\1_3new.asm



                              Symbols - Sorted by Address
                     Name    Address   Location    Storage File                     
                ---------  ---------  ---------  --------- ---------                
                       Q1   0x000000    program     static D:\NCKU\third_up\microprocessor_lab\lab1.X\1_3new.asm
                  initial   0x000000    program     static D:\NCKU\third_up\microprocessor_lab\lab1.X\1_3new.asm
                    Check   0x00001a    program     static D:\NCKU\third_up\microprocessor_lab\lab1.X\1_3new.asm
                    Test0   0x000034    program     static D:\NCKU\third_up\microprocessor_lab\lab1.X\1_3new.asm
                Diffirent   0x000048    program     static D:\NCKU\third_up\microprocessor_lab\lab1.X\1_3new.asm
                     Same   0x000050    program     static D:\NCKU\third_up\microprocessor_lab\lab1.X\1_3new.asm
                   Finish   0x000054    program     static D:\NCKU\third_up\microprocessor_lab\lab1.X\1_3new.asm


