MPLINK 5.09, LINKER
Linker Map File - Created Wed Dec 01 20:30:05 2021

                                 Section Info
                  Section       Type    Address   Location Size(Bytes)
                ---------  ---------  ---------  ---------  ---------
                   .org_0       code   0x000000    program   0x000002
                   .cinit    romdata   0x000002    program   0x000002
                   .org_1       code   0x000008    program   0x000042
.config_300001_BUILD/DEFAULT/PRODUCTION/LAB8_BA    romdata   0x300001    program   0x000001
.config_300002_BUILD/DEFAULT/PRODUCTION/LAB8_BA    romdata   0x300002    program   0x000001
.config_300003_BUILD/DEFAULT/PRODUCTION/LAB8_BA    romdata   0x300003    program   0x000001
.config_300005_BUILD/DEFAULT/PRODUCTION/LAB8_BA    romdata   0x300005    program   0x000001
.config_300006_BUILD/DEFAULT/PRODUCTION/LAB8_BA    romdata   0x300006    program   0x000001
.config_300008_BUILD/DEFAULT/PRODUCTION/LAB8_BA    romdata   0x300008    program   0x000001
.config_300009_BUILD/DEFAULT/PRODUCTION/LAB8_BA    romdata   0x300009    program   0x000001
.config_30000A_BUILD/DEFAULT/PRODUCTION/LAB8_BA    romdata   0x30000a    program   0x000001
.config_30000B_BUILD/DEFAULT/PRODUCTION/LAB8_BA    romdata   0x30000b    program   0x000001
.config_30000C_BUILD/DEFAULT/PRODUCTION/LAB8_BA    romdata   0x30000c    program   0x000001
.config_30000D_BUILD/DEFAULT/PRODUCTION/LAB8_BA    romdata   0x30000d    program   0x000001



                              Program Memory Usage 
                               Start         End      
                           ---------   ---------      
                            0x000000    0x000003      
                            0x000008    0x000049      
                            0x300001    0x300003      
                            0x300005    0x300006      
                            0x300008    0x30000d      
            81 out of 33048 program addresses used, program memory utilization is 0%



                              Symbols - Sorted by Name
                     Name    Address   Location    Storage File                     
                ---------  ---------  ---------  --------- ---------                
                   HI_ISR   0x00000a    program     static D:\NCKU\third_up\microprocessor_lab\lab6.X\lab8_basic.asm
                  INITIAL   0x000018    program     static D:\NCKU\third_up\microprocessor_lab\lab6.X\lab8_basic.asm
                  INIT_IO   0x000028    program     static D:\NCKU\third_up\microprocessor_lab\lab6.X\lab8_basic.asm
              INIT_TIMER1   0x000034    program     static D:\NCKU\third_up\microprocessor_lab\lab6.X\lab8_basic.asm
                     Main   0x000024    program     static D:\NCKU\third_up\microprocessor_lab\lab6.X\lab8_basic.asm



                              Symbols - Sorted by Address
                     Name    Address   Location    Storage File                     
                ---------  ---------  ---------  --------- ---------                
                   HI_ISR   0x00000a    program     static D:\NCKU\third_up\microprocessor_lab\lab6.X\lab8_basic.asm
                  INITIAL   0x000018    program     static D:\NCKU\third_up\microprocessor_lab\lab6.X\lab8_basic.asm
                     Main   0x000024    program     static D:\NCKU\third_up\microprocessor_lab\lab6.X\lab8_basic.asm
                  INIT_IO   0x000028    program     static D:\NCKU\third_up\microprocessor_lab\lab6.X\lab8_basic.asm
              INIT_TIMER1   0x000034    program     static D:\NCKU\third_up\microprocessor_lab\lab6.X\lab8_basic.asm


