Microchip MPLAB XC8 Compiler V2.32

Linker command line:

-W-3 --edf=D:\application\MPLAB\XC_compiler\pic\dat\en_msgs.txt -cn \
  -h+dist/default/debug\Lab10.X.debug.sym \
  --cmf=dist/default/debug\Lab10.X.debug.cmf -z -Q18F4520 \
  -oC:\Users\a0987\AppData\Local\Temp\xcAs24dc.4 --defsym=__MPLAB_BUILD=1 \
  -Mdist/default/debug/Lab10.X.debug.map -E1 -ver=XC8 Compiler --acfsm=1493 \
  -ASTACK=080h-05F3h -pstack=STACK -ACODE=00h-07DBFh -ACONST=00h-07DBFh \
  -ASMALLCONST=0600h-06FFhx119,07D00h-07DBFh -AMEDIUMCONST=0600h-07DBFh \
  -ACOMRAM=01h-07Fh -AABS1=00h-05F3h -ABIGRAM=01h-05F3h \
  -ARAM=080h-0FFh,0100h-01FFhx4,0500h-05F3h -ABANK0=080h-0FFh \
  -ABANK1=0100h-01FFh -ABANK2=0200h-02FFh -ABANK3=0300h-03FFh \
  -ABANK4=0400h-04FFh -ABANK5=0500h-05F3h \
  -ASFR=0F80h-0F9Bh,0F9Dh-0FD3h,0FD5h-0FDAh,0FE0h-0FE2h,0FE8h-0FEAh,0FF0h-0FFCh \
  -ACONFIG=0300000h-030000Dh -AIDLOC=0200000h-0200007h \
  -AEEDATA=0F00000h-0F000FFh -peeprom_data=EEDATA \
  -preset_vec=00h,intcode=08h,intcodelo=018h,powerup,init -pramtop=0600h \
  -psmallconst=SMALLCONST -pmediumconst=MEDIUMCONST -pconst=CONST \
  -AFARRAM=00h-00h \
  -prdata=COMRAM,nvrram=COMRAM,nvbit=COMRAM,rbss=COMRAM,rbit=COMRAM \
  -pfarbss=FARRAM,fardata=FARRAM,nvFARRAM=FARRAM \
  -pintsave_regs=BIGRAM,bigbss=BIGRAM,bigdata=BIGRAM -pbss=RAM \
  -pidata=CODE,irdata=CODE,ibigdata=CODE,ifardata=CODE -prparam=COMRAM \
  C:\Users\a0987\AppData\Local\Temp\xcAs24dc.o \
  dist/default/debug\Lab10.X.debug.o 

Object code version is 3.11

Machine type is 18F4520



                Name                               Link     Load   Length Selector   Space Scale
C:\Users\a0987\AppData\Local\Temp\xcAs24dc.o
                idloc                            200000   200000        8        0       5
                config                           300000   300000        E        0       4
                init                                 26       26        4        C       0
                reset_vec                             0        0        4        0       0
dist/default/debug\Lab10.X.debug.o
                intcodelo                            18       18        E        C       0
                intcode                               8        8        6        4       0
                idloc                            200000   200000        8        0       5
                config                           300000   300000        E        0       4
                temp                                 40       40        1        1       1
                text6                               7FE      7FE       C4        C       0
                text5                                2A       2A      42A        C       0
                text4                               608      608      106        C       0
                text3                               454      454      1B4        C       0
                intcode_body                        70E      70E       F0        C       0
                text0                               8C2      8C2       76        C       0
                cstackCOMRAM                          1        1       3F        1       1
                cinit                               938      938        A        C       0

TOTAL           Name                               Link     Load   Length     Space
        CLASS   STACK          

        CLASS   CODE           
                intcodelo                            18       18        E         0
                intcode                               8        8        6         0
                init                                 26       26        4         0
                reset_vec                             0        0        4         0
                text6                               7FE      7FE       C4         0
                text5                                2A       2A      42A         0
                text4                               608      608      106         0
                text3                               454      454      1B4         0
                intcode_body                        70E      70E       F0         0
                text0                               8C2      8C2       76         0
                cinit                               938      938        A         0

        CLASS   CONST          

        CLASS   SMALLCONST     

        CLASS   MEDIUMCONST    

        CLASS   COMRAM         
                temp                                 40       40        1         1
                cstackCOMRAM                          1        1       3F         1

        CLASS   ABS1           

        CLASS   BIGRAM         

        CLASS   RAM            

        CLASS   BANK0          

        CLASS   BANK1          

        CLASS   BANK2          

        CLASS   BANK3          

        CLASS   BANK4          

        CLASS   BANK5          

        CLASS   SFR            

        CLASS   CONFIG         
                config                           300000   300000        E         4

        CLASS   IDLOC          
                idloc                            200000   200000        8         5

        CLASS   EEDATA         

        CLASS   FARRAM         



SEGMENTS        Name                           Load    Length   Top    Selector   Space  Class

                reset_vec                      000000  000004  000004         0       0  CODE    
                cstackCOMRAM                   000001  000040  000041         1       1  COMRAM  
                intcode                        000008  000006  00000E         4       0  CODE    
                intcodelo                      000018  00092A  000942         C       0  CODE    


UNUSED ADDRESS RANGES

        Name                Unused          Largest block    Delta
        BANK0            000080-0000FF               80
        BANK1            000100-0001FF              100
        BANK2            000200-0002FF              100
        BANK3            000300-0003FF              100
        BANK4            000400-0004FF              100
        BANK5            000500-0005F3               F4
        BIGRAM           000041-0005F3              5B3
        CODE             000004-000007                4
                         00000E-000017                A
                         000942-007DBF             747E
        COMRAM           000041-00007F               3F
        CONST            000004-000007                4
                         00000E-000017                A
                         000942-007DBF             747E
        EEDATA           F00000-F000FF              100
        MEDIUMCONST      000942-007DBF             747E
        RAM              000080-0005F3              100
        SFR              000F80-000F9B               1C
                         000F9D-000FD3               37
                         000FD5-000FDA                6
                         000FE0-000FE2                3
                         000FE8-000FEA                3
                         000FF0-000FFC                D
        SMALLCONST       000942-007DBF              100
        STACK            000080-0005F3              574

                                  Symbol Table

?___awdiv                cstackCOMRAM 000001
?___flmul                cstackCOMRAM 00000F
?___fltol                cstackCOMRAM 000028
?___xxtofl               cstackCOMRAM 000001
Hi_ISR@a                 cstackCOMRAM 000037
Hi_ISR@b                 cstackCOMRAM 000039
Hi_ISR@temp              cstackCOMRAM 00003D
Hi_ISR@value             cstackCOMRAM 00003B
_ADCON0bits              (abs)        000FC2
_ADCON1bits              (abs)        000FC1
_ADCON2bits              (abs)        000FC0
_ADRESH                  (abs)        000FC4
_ADRESL                  (abs)        000FC3
_CCP1CONbits             (abs)        000FBD
_CCPR1L                  (abs)        000FBE
_Hi_ISR                  intcode      000008
_INTCONbits              (abs)        000FF2
_LATC                    (abs)        000F8B
_Lo_ISR                  intcodelo    000018
_OSCCONbits              (abs)        000FD3
_PIE1bits                (abs)        000F9D
_PIR1bits                (abs)        000F9E
_PORTD                   (abs)        000F83
_PR2                     (abs)        000FCB
_T2CONbits               (abs)        000FCA
_TRISAbits               (abs)        000F92
_TRISB                   (abs)        000F93
_TRISC                   (abs)        000F94
_TRISD                   (abs)        000F95
__HRAM                   (abs)        000000
__Habs1                  abs1         000000
__Hbank0                 bank0        000000
__Hbank1                 bank1        000000
__Hbank2                 bank2        000000
__Hbank3                 bank3        000000
__Hbank4                 bank4        000000
__Hbank5                 bank5        000000
__Hbigbss                bigbss       000000
__Hbigdata               bigdata      000000
__Hbigram                bigram       000000
__Hbss                   bss          000000
__Hcinit                 cinit        000000
__Hclrtext               clrtext      000000
__Hcomram                comram       000000
__Hconfig                config       30000E
__Hconst                 const        000000
__HcstackCOMRAM          cstackCOMRAM 000000
__Hdata                  data         000000
__Heeprom_data           eeprom_data  000000
__Hfarbss                farbss       000000
__Hfardata               fardata      000000
__Hibigdata              ibigdata     000000
__Hidata                 idata        000000
__Hidloc                 idloc        200008
__Hifardata              ifardata     000000
__Hinit                  init         00002A
__Hintcode               intcode      00000E
__Hintcode_body          intcode_body 000000
__Hintcodelo             intcodelo    000026
__Hintentry              intentry     000000
__Hintret                intret       000000
__Hintsave_regs          intsave_regs 000000
__Hirdata                irdata       000000
__Hmediumconst           mediumconst  000000
__HnvFARRAM              nvFARRAM     000000
__Hnvbit                 nvbit        000000
__Hnvrram                nvrram       000000
__Hparam                 rparam       000000
__Hpowerup               powerup      000026
__Hram                   ram          000000
__Hramtop                ramtop       000600
__Hrbit                  rbit         000000
__Hrbss                  rbss         000000
__Hrdata                 rdata        000000
__Hreset_vec             reset_vec    000004
__Hrparam                rparam       000000
__Hsfr                   sfr          000000
__Hsmallconst            smallconst   000000
__Hspace_0               (abs)        000942
__Hspace_1               (abs)        000041
__Hspace_2               (abs)        000000
__Hspace_4               (abs)        60000E
__Hstack                 stack        000000
__Hstruct                struct       000000
__Htemp                  temp         000041
__Htext                  text         000000
__Htext0                 text0        000000
__Htext3                 text3        000000
__Htext4                 text4        000000
__Htext5                 text5        000000
__Htext6                 text6        000000
__LRAM                   (abs)        000001
__Labs1                  abs1         000000
__Lbank0                 bank0        000000
__Lbank1                 bank1        000000
__Lbank2                 bank2        000000
__Lbank3                 bank3        000000
__Lbank4                 bank4        000000
__Lbank5                 bank5        000000
__Lbigbss                bigbss       000000
__Lbigdata               bigdata      000000
__Lbigram                bigram       000000
__Lbss                   bss          000000
__Lcinit                 cinit        000000
__Lclrtext               clrtext      000000
__Lcomram                comram       000000
__Lconfig                config       000000
__Lconst                 const        000000
__LcstackCOMRAM          cstackCOMRAM 000000
__Ldata                  data         000000
__Leeprom_data           eeprom_data  000000
__Lfarbss                farbss       000000
__Lfardata               fardata      000000
__Libigdata              ibigdata     000000
__Lidata                 idata        000000
__Lidloc                 idloc        000000
__Lifardata              ifardata     000000
__Linit                  init         000026
__Lintcode               intcode      000008
__Lintcode_body          intcode_body 000000
__Lintcodelo             intcodelo    000018
__Lintentry              intentry     000000
__Lintret                intret       000000
__Lintsave_regs          intsave_regs 000000
__Lirdata                irdata       000000
__Lmediumconst           mediumconst  000000
__LnvFARRAM              nvFARRAM     000000
__Lnvbit                 nvbit        000000
__Lnvrram                nvrram       000000
__Lparam                 rparam       000000
__Lpowerup               powerup      000026
__Lram                   ram          000000
__Lramtop                ramtop       000600
__Lrbit                  rbit         000000
__Lrbss                  rbss         000000
__Lrdata                 rdata        000000
__Lreset_vec             reset_vec    000000
__Lrparam                rparam       000000
__Lsfr                   sfr          000000
__Lsmallconst            smallconst   000000
__Lspace_0               (abs)        000000
__Lspace_1               (abs)        000000
__Lspace_2               (abs)        000000
__Lspace_4               (abs)        000000
__Lstack                 stack        000000
__Lstruct                struct       000000
__Ltemp                  temp         000040
__Ltext                  text         000000
__Ltext0                 text0        000000
__Ltext3                 text3        000000
__Ltext4                 text4        000000
__Ltext5                 text5        000000
__Ltext6                 text6        000000
__S0                     (abs)        000942
__S1                     (abs)        000041
__S2                     (abs)        000000
__S4                     (abs)        000000
__S5                     (abs)        000000
___awdiv                 text6        0007FE
___awdiv@counter         cstackCOMRAM 000005
___awdiv@dividend        cstackCOMRAM 000001
___awdiv@divisor         cstackCOMRAM 000003
___awdiv@quotient        cstackCOMRAM 000007
___awdiv@sign            cstackCOMRAM 000006
___flmul                 text5        00002A
___flmul@a               cstackCOMRAM 000013
___flmul@aexp            cstackCOMRAM 000020
___flmul@b               cstackCOMRAM 00000F
___flmul@bexp            cstackCOMRAM 000021
___flmul@grs             cstackCOMRAM 00001C
___flmul@prod            cstackCOMRAM 000022
___flmul@sign            cstackCOMRAM 00001B
___flmul@temp            cstackCOMRAM 000026
___fltol                 text4        000608
___fltol@exp1            cstackCOMRAM 000031
___fltol@f1              cstackCOMRAM 000028
___fltol@sign1           cstackCOMRAM 000030
___inthi_sp              stack        000000
___intlo_sp              stack        000000
___param_bank            (abs)        000000
___rparam_used           (abs)        000001
___sp                    stack        000000
___xxtofl                text3        000454
___xxtofl@arg            cstackCOMRAM 00000B
___xxtofl@exp            cstackCOMRAM 00000A
___xxtofl@sign           cstackCOMRAM 000009
___xxtofl@val            cstackCOMRAM 000001
__accesstop              (abs)        000080
__activetblptr           (abs)        000000
__end_of_Hi_ISR          intcode_body 0007FE
__end_of_Lo_ISR          intcodelo    000026
__end_of___awdiv         text6        0008C2
__end_of___flmul         text5        000454
__end_of___fltol         text4        00070E
__end_of___xxtofl        text3        000608
__end_of__initialization cinit        000938
__end_of_main            text0        000938
__initialization         cinit        000938
__mediumconst            mediumconst  000000
__pcinit                 cinit        000938
__pcstackCOMRAM          cstackCOMRAM 000001
__pintcode               intcode      000008
__pintcode_body          intcode_body 00070E
__pintcodelo             intcodelo    000018
__ptext0                 text0        0008C2
__ptext3                 text3        000454
__ptext4                 text4        000608
__ptext5                 text5        00002A
__ptext6                 text6        0007FE
__ramtop                 ramtop       000600
__size_of_Hi_ISR         (abs)        000000
__size_of_Lo_ISR         (abs)        000000
__size_of___awdiv        (abs)        000000
__size_of___flmul        (abs)        000000
__size_of___fltol        (abs)        000000
__size_of___xxtofl       (abs)        000000
__size_of_main           (abs)        000000
__smallconst             smallconst   000000
_main                    text0        0008C2
btemp                    temp         000040
end_of_initialization    cinit        000938
int$flags                temp         000040
int_func                 intcode_body 00070E
intlevel0                text         000000
intlevel1                text         000000
intlevel2                text         000000
intlevel3                text         000000
isa$std                  (abs)        000001
isa$xinst                (abs)        000000
stackhi                  (abs)        0005F3
stacklo                  (abs)        000080
start                    init         000026
start_initialization     cinit        000938
ttemp5                   temp         000041
ttemp6                   temp         000044
ttemp7                   temp         000048
wtemp8                   temp         000041


MODULE INFORMATION

Module		Function		Class		Link	Load	Size
D:\application\MPLAB\XC_compiler\pic\sources\c99\common\awdiv.c
		___awdiv       		CODE           	07FE	0000	196

D:\application\MPLAB\XC_compiler\pic\sources\c99\common\awdiv.c estimated size: 196

D:\application\MPLAB\XC_compiler\pic\sources\c99\common\fltol.c
		___fltol       		CODE           	0608	0000	262

D:\application\MPLAB\XC_compiler\pic\sources\c99\common\fltol.c estimated size: 262

D:\application\MPLAB\XC_compiler\pic\sources\c99\common\sprcmul.c
		___flmul       		CODE           	002A	0000	1066

D:\application\MPLAB\XC_compiler\pic\sources\c99\common\sprcmul.c estimated size: 1066

shared
		__initialization		CODE           	0938	0000	1

shared estimated size: 1

final31.c
		_Lo_ISR        		CODE           	0018	0000	14
		_main          		CODE           	08C2	0000	118
		_Hi_ISR        		CODE           	0008	0000	246

final31.c estimated size: 378

D:\application\MPLAB\XC_compiler\pic\sources\c99\common\xxtofl.c
		___xxtofl      		CODE           	0454	0000	436

D:\application\MPLAB\XC_compiler\pic\sources\c99\common\xxtofl.c estimated size: 436

